Archive member included to satisfy reference by file (symbol)

/home/ds/Ac6/SystemWorkbench/plugins/fr.ac6.mcu.externaltools.arm-none.linux64_1.16.0.201807130628/tools/compiler/bin/../lib/gcc/arm-none-eabi/7.2.1/../../../../arm-none-eabi/lib/thumb/v7-m/libc.a(lib_a-errno.o)
                              src/syscalls.o (__errno)
/home/ds/Ac6/SystemWorkbench/plugins/fr.ac6.mcu.externaltools.arm-none.linux64_1.16.0.201807130628/tools/compiler/bin/../lib/gcc/arm-none-eabi/7.2.1/../../../../arm-none-eabi/lib/thumb/v7-m/libc.a(lib_a-exit.o)
                              /home/ds/Ac6/SystemWorkbench/plugins/fr.ac6.mcu.externaltools.arm-none.linux64_1.16.0.201807130628/tools/compiler/bin/../lib/gcc/arm-none-eabi/7.2.1/../../../../arm-none-eabi/lib/thumb/v7-m/crt0.o (exit)
/home/ds/Ac6/SystemWorkbench/plugins/fr.ac6.mcu.externaltools.arm-none.linux64_1.16.0.201807130628/tools/compiler/bin/../lib/gcc/arm-none-eabi/7.2.1/../../../../arm-none-eabi/lib/thumb/v7-m/libc.a(lib_a-impure.o)
                              /home/ds/Ac6/SystemWorkbench/plugins/fr.ac6.mcu.externaltools.arm-none.linux64_1.16.0.201807130628/tools/compiler/bin/../lib/gcc/arm-none-eabi/7.2.1/../../../../arm-none-eabi/lib/thumb/v7-m/libc.a(lib_a-exit.o) (_global_impure_ptr)
/home/ds/Ac6/SystemWorkbench/plugins/fr.ac6.mcu.externaltools.arm-none.linux64_1.16.0.201807130628/tools/compiler/bin/../lib/gcc/arm-none-eabi/7.2.1/../../../../arm-none-eabi/lib/thumb/v7-m/libc.a(lib_a-init.o)
                              /home/ds/Ac6/SystemWorkbench/plugins/fr.ac6.mcu.externaltools.arm-none.linux64_1.16.0.201807130628/tools/compiler/bin/../lib/gcc/arm-none-eabi/7.2.1/../../../../arm-none-eabi/lib/thumb/v7-m/crt0.o (__libc_init_array)
/home/ds/Ac6/SystemWorkbench/plugins/fr.ac6.mcu.externaltools.arm-none.linux64_1.16.0.201807130628/tools/compiler/bin/../lib/gcc/arm-none-eabi/7.2.1/../../../../arm-none-eabi/lib/thumb/v7-m/libc.a(lib_a-memset.o)
                              /home/ds/Ac6/SystemWorkbench/plugins/fr.ac6.mcu.externaltools.arm-none.linux64_1.16.0.201807130628/tools/compiler/bin/../lib/gcc/arm-none-eabi/7.2.1/../../../../arm-none-eabi/lib/thumb/v7-m/crt0.o (memset)
/home/ds/Ac6/SystemWorkbench/plugins/fr.ac6.mcu.externaltools.arm-none.linux64_1.16.0.201807130628/tools/compiler/bin/../lib/gcc/arm-none-eabi/7.2.1/../../../../arm-none-eabi/lib/thumb/v7-m/libc.a(lib_a-__call_atexit.o)
                              /home/ds/Ac6/SystemWorkbench/plugins/fr.ac6.mcu.externaltools.arm-none.linux64_1.16.0.201807130628/tools/compiler/bin/../lib/gcc/arm-none-eabi/7.2.1/../../../../arm-none-eabi/lib/thumb/v7-m/libc.a(lib_a-exit.o) (__call_exitprocs)
/home/ds/Ac6/SystemWorkbench/plugins/fr.ac6.mcu.externaltools.arm-none.linux64_1.16.0.201807130628/tools/compiler/bin/../lib/gcc/arm-none-eabi/7.2.1/../../../../arm-none-eabi/lib/thumb/v7-m/libc.a(lib_a-atexit.o)
                              /home/ds/Ac6/SystemWorkbench/plugins/fr.ac6.mcu.externaltools.arm-none.linux64_1.16.0.201807130628/tools/compiler/bin/../lib/gcc/arm-none-eabi/7.2.1/../../../../arm-none-eabi/lib/thumb/v7-m/libc.a(lib_a-__call_atexit.o) (atexit)
/home/ds/Ac6/SystemWorkbench/plugins/fr.ac6.mcu.externaltools.arm-none.linux64_1.16.0.201807130628/tools/compiler/bin/../lib/gcc/arm-none-eabi/7.2.1/../../../../arm-none-eabi/lib/thumb/v7-m/libc.a(lib_a-fini.o)
                              /home/ds/Ac6/SystemWorkbench/plugins/fr.ac6.mcu.externaltools.arm-none.linux64_1.16.0.201807130628/tools/compiler/bin/../lib/gcc/arm-none-eabi/7.2.1/../../../../arm-none-eabi/lib/thumb/v7-m/libc.a(lib_a-__call_atexit.o) (__libc_fini_array)
/home/ds/Ac6/SystemWorkbench/plugins/fr.ac6.mcu.externaltools.arm-none.linux64_1.16.0.201807130628/tools/compiler/bin/../lib/gcc/arm-none-eabi/7.2.1/../../../../arm-none-eabi/lib/thumb/v7-m/libc.a(lib_a-lock.o)
                              /home/ds/Ac6/SystemWorkbench/plugins/fr.ac6.mcu.externaltools.arm-none.linux64_1.16.0.201807130628/tools/compiler/bin/../lib/gcc/arm-none-eabi/7.2.1/../../../../arm-none-eabi/lib/thumb/v7-m/libc.a(lib_a-__call_atexit.o) (__retarget_lock_acquire_recursive)
/home/ds/Ac6/SystemWorkbench/plugins/fr.ac6.mcu.externaltools.arm-none.linux64_1.16.0.201807130628/tools/compiler/bin/../lib/gcc/arm-none-eabi/7.2.1/../../../../arm-none-eabi/lib/thumb/v7-m/libc.a(lib_a-__atexit.o)
                              /home/ds/Ac6/SystemWorkbench/plugins/fr.ac6.mcu.externaltools.arm-none.linux64_1.16.0.201807130628/tools/compiler/bin/../lib/gcc/arm-none-eabi/7.2.1/../../../../arm-none-eabi/lib/thumb/v7-m/libc.a(lib_a-atexit.o) (__register_exitproc)

Allocating common symbols
Common symbol       size              file

__lock___atexit_recursive_mutex
                    0x1               /home/ds/Ac6/SystemWorkbench/plugins/fr.ac6.mcu.externaltools.arm-none.linux64_1.16.0.201807130628/tools/compiler/bin/../lib/gcc/arm-none-eabi/7.2.1/../../../../arm-none-eabi/lib/thumb/v7-m/libc.a(lib_a-lock.o)
__lock___arc4random_mutex
                    0x1               /home/ds/Ac6/SystemWorkbench/plugins/fr.ac6.mcu.externaltools.arm-none.linux64_1.16.0.201807130628/tools/compiler/bin/../lib/gcc/arm-none-eabi/7.2.1/../../../../arm-none-eabi/lib/thumb/v7-m/libc.a(lib_a-lock.o)
PCout               0x1               src/main.o
MSPout              0x1               src/main.o
__lock___env_recursive_mutex
                    0x1               /home/ds/Ac6/SystemWorkbench/plugins/fr.ac6.mcu.externaltools.arm-none.linux64_1.16.0.201807130628/tools/compiler/bin/../lib/gcc/arm-none-eabi/7.2.1/../../../../arm-none-eabi/lib/thumb/v7-m/libc.a(lib_a-lock.o)
__lock___sinit_recursive_mutex
                    0x1               /home/ds/Ac6/SystemWorkbench/plugins/fr.ac6.mcu.externaltools.arm-none.linux64_1.16.0.201807130628/tools/compiler/bin/../lib/gcc/arm-none-eabi/7.2.1/../../../../arm-none-eabi/lib/thumb/v7-m/libc.a(lib_a-lock.o)
__lock___malloc_recursive_mutex
                    0x1               /home/ds/Ac6/SystemWorkbench/plugins/fr.ac6.mcu.externaltools.arm-none.linux64_1.16.0.201807130628/tools/compiler/bin/../lib/gcc/arm-none-eabi/7.2.1/../../../../arm-none-eabi/lib/thumb/v7-m/libc.a(lib_a-lock.o)
MSPin               0x1               src/main.o
PCin                0x1               src/main.o
__lock___at_quick_exit_mutex
                    0x1               /home/ds/Ac6/SystemWorkbench/plugins/fr.ac6.mcu.externaltools.arm-none.linux64_1.16.0.201807130628/tools/compiler/bin/../lib/gcc/arm-none-eabi/7.2.1/../../../../arm-none-eabi/lib/thumb/v7-m/libc.a(lib_a-lock.o)
__lock___dd_hash_mutex
                    0x1               /home/ds/Ac6/SystemWorkbench/plugins/fr.ac6.mcu.externaltools.arm-none.linux64_1.16.0.201807130628/tools/compiler/bin/../lib/gcc/arm-none-eabi/7.2.1/../../../../arm-none-eabi/lib/thumb/v7-m/libc.a(lib_a-lock.o)
__lock___tz_mutex   0x1               /home/ds/Ac6/SystemWorkbench/plugins/fr.ac6.mcu.externaltools.arm-none.linux64_1.16.0.201807130628/tools/compiler/bin/../lib/gcc/arm-none-eabi/7.2.1/../../../../arm-none-eabi/lib/thumb/v7-m/libc.a(lib_a-lock.o)
__lock___sfp_recursive_mutex
                    0x1               /home/ds/Ac6/SystemWorkbench/plugins/fr.ac6.mcu.externaltools.arm-none.linux64_1.16.0.201807130628/tools/compiler/bin/../lib/gcc/arm-none-eabi/7.2.1/../../../../arm-none-eabi/lib/thumb/v7-m/libc.a(lib_a-lock.o)

Discarded input sections

 .text          0x0000000000000000        0x0 /home/ds/Ac6/SystemWorkbench/plugins/fr.ac6.mcu.externaltools.arm-none.linux64_1.16.0.201807130628/tools/compiler/bin/../lib/gcc/arm-none-eabi/7.2.1/thumb/v7-m/crti.o
 .data          0x0000000000000000        0x0 /home/ds/Ac6/SystemWorkbench/plugins/fr.ac6.mcu.externaltools.arm-none.linux64_1.16.0.201807130628/tools/compiler/bin/../lib/gcc/arm-none-eabi/7.2.1/thumb/v7-m/crti.o
 .bss           0x0000000000000000        0x0 /home/ds/Ac6/SystemWorkbench/plugins/fr.ac6.mcu.externaltools.arm-none.linux64_1.16.0.201807130628/tools/compiler/bin/../lib/gcc/arm-none-eabi/7.2.1/thumb/v7-m/crti.o
 .data          0x0000000000000000        0x4 /home/ds/Ac6/SystemWorkbench/plugins/fr.ac6.mcu.externaltools.arm-none.linux64_1.16.0.201807130628/tools/compiler/bin/../lib/gcc/arm-none-eabi/7.2.1/thumb/v7-m/crtbegin.o
 .text          0x0000000000000000       0x74 /home/ds/Ac6/SystemWorkbench/plugins/fr.ac6.mcu.externaltools.arm-none.linux64_1.16.0.201807130628/tools/compiler/bin/../lib/gcc/arm-none-eabi/7.2.1/../../../../arm-none-eabi/lib/thumb/v7-m/crt0.o
 .data          0x0000000000000000        0x0 /home/ds/Ac6/SystemWorkbench/plugins/fr.ac6.mcu.externaltools.arm-none.linux64_1.16.0.201807130628/tools/compiler/bin/../lib/gcc/arm-none-eabi/7.2.1/../../../../arm-none-eabi/lib/thumb/v7-m/crt0.o
 .bss           0x0000000000000000        0x0 /home/ds/Ac6/SystemWorkbench/plugins/fr.ac6.mcu.externaltools.arm-none.linux64_1.16.0.201807130628/tools/compiler/bin/../lib/gcc/arm-none-eabi/7.2.1/../../../../arm-none-eabi/lib/thumb/v7-m/crt0.o
 .ARM.extab     0x0000000000000000        0x0 /home/ds/Ac6/SystemWorkbench/plugins/fr.ac6.mcu.externaltools.arm-none.linux64_1.16.0.201807130628/tools/compiler/bin/../lib/gcc/arm-none-eabi/7.2.1/../../../../arm-none-eabi/lib/thumb/v7-m/crt0.o
 .ARM.exidx     0x0000000000000000        0x8 /home/ds/Ac6/SystemWorkbench/plugins/fr.ac6.mcu.externaltools.arm-none.linux64_1.16.0.201807130628/tools/compiler/bin/../lib/gcc/arm-none-eabi/7.2.1/../../../../arm-none-eabi/lib/thumb/v7-m/crt0.o
 .ARM.attributes
                0x0000000000000000       0x1b /home/ds/Ac6/SystemWorkbench/plugins/fr.ac6.mcu.externaltools.arm-none.linux64_1.16.0.201807130628/tools/compiler/bin/../lib/gcc/arm-none-eabi/7.2.1/../../../../arm-none-eabi/lib/thumb/v7-m/crt0.o
 .group         0x0000000000000000        0xc CMSIS/core/core_cm3.o
 .group         0x0000000000000000        0xc CMSIS/core/core_cm3.o
 .group         0x0000000000000000        0xc CMSIS/core/core_cm3.o
 .group         0x0000000000000000        0xc CMSIS/core/core_cm3.o
 .group         0x0000000000000000        0xc CMSIS/core/core_cm3.o
 .group         0x0000000000000000        0xc CMSIS/core/core_cm3.o
 .group         0x0000000000000000        0xc CMSIS/core/core_cm3.o
 .text          0x0000000000000000        0x0 CMSIS/core/core_cm3.o
 .data          0x0000000000000000        0x0 CMSIS/core/core_cm3.o
 .bss           0x0000000000000000        0x0 CMSIS/core/core_cm3.o
 .text.__get_PSP
                0x0000000000000000       0x10 CMSIS/core/core_cm3.o
 .text.__set_PSP
                0x0000000000000000        0xa CMSIS/core/core_cm3.o
 .text.__get_MSP
                0x0000000000000000       0x10 CMSIS/core/core_cm3.o
 .text.__set_MSP
                0x0000000000000000        0xa CMSIS/core/core_cm3.o
 .text.__get_BASEPRI
                0x0000000000000000       0x1c CMSIS/core/core_cm3.o
 .text.__set_BASEPRI
                0x0000000000000000       0x18 CMSIS/core/core_cm3.o
 .text.__get_PRIMASK
                0x0000000000000000       0x1c CMSIS/core/core_cm3.o
 .text.__set_PRIMASK
                0x0000000000000000       0x18 CMSIS/core/core_cm3.o
 .text.__get_FAULTMASK
                0x0000000000000000       0x1c CMSIS/core/core_cm3.o
 .text.__set_FAULTMASK
                0x0000000000000000       0x18 CMSIS/core/core_cm3.o
 .text.__get_CONTROL
                0x0000000000000000       0x1c CMSIS/core/core_cm3.o
 .text.__set_CONTROL
                0x0000000000000000       0x18 CMSIS/core/core_cm3.o
 .text.__REV    0x0000000000000000       0x1e CMSIS/core/core_cm3.o
 .text.__REV16  0x0000000000000000       0x20 CMSIS/core/core_cm3.o
 .text.__REVSH  0x0000000000000000       0x20 CMSIS/core/core_cm3.o
 .text.__RBIT   0x0000000000000000       0x20 CMSIS/core/core_cm3.o
 .text.__LDREXB
                0x0000000000000000       0x20 CMSIS/core/core_cm3.o
 .text.__LDREXH
                0x0000000000000000       0x20 CMSIS/core/core_cm3.o
 .text.__LDREXW
                0x0000000000000000       0x20 CMSIS/core/core_cm3.o
 .text.__STREXB
                0x0000000000000000       0x26 CMSIS/core/core_cm3.o
 .text.__STREXH
                0x0000000000000000       0x26 CMSIS/core/core_cm3.o
 .text.__STREXW
                0x0000000000000000       0x24 CMSIS/core/core_cm3.o
 .debug_info    0x0000000000000000      0x52f CMSIS/core/core_cm3.o
 .debug_abbrev  0x0000000000000000       0xb1 CMSIS/core/core_cm3.o
 .debug_aranges
                0x0000000000000000       0xc8 CMSIS/core/core_cm3.o
 .debug_ranges  0x0000000000000000       0xb8 CMSIS/core/core_cm3.o
 .debug_macro   0x0000000000000000       0x6f CMSIS/core/core_cm3.o
 .debug_macro   0x0000000000000000      0xa66 CMSIS/core/core_cm3.o
 .debug_macro   0x0000000000000000       0x22 CMSIS/core/core_cm3.o
 .debug_macro   0x0000000000000000       0x87 CMSIS/core/core_cm3.o
 .debug_macro   0x0000000000000000       0x51 CMSIS/core/core_cm3.o
 .debug_macro   0x0000000000000000       0xef CMSIS/core/core_cm3.o
 .debug_macro   0x0000000000000000       0x6a CMSIS/core/core_cm3.o
 .debug_macro   0x0000000000000000      0x1df CMSIS/core/core_cm3.o
 .debug_line    0x0000000000000000      0x488 CMSIS/core/core_cm3.o
 .debug_str     0x0000000000000000     0x3d52 CMSIS/core/core_cm3.o
 .comment       0x0000000000000000       0x7f CMSIS/core/core_cm3.o
 .debug_frame   0x0000000000000000      0x320 CMSIS/core/core_cm3.o
 .ARM.attributes
                0x0000000000000000       0x33 CMSIS/core/core_cm3.o
 .group         0x0000000000000000        0xc src/main.o
 .group         0x0000000000000000        0xc src/main.o
 .group         0x0000000000000000        0xc src/main.o
 .group         0x0000000000000000        0xc src/main.o
 .group         0x0000000000000000        0xc src/main.o
 .group         0x0000000000000000        0xc src/main.o
 .group         0x0000000000000000        0xc src/main.o
 .group         0x0000000000000000        0xc src/main.o
 .group         0x0000000000000000        0xc src/main.o
 .group         0x0000000000000000        0xc src/main.o
 .group         0x0000000000000000        0xc src/main.o
 .text          0x0000000000000000        0x0 src/main.o
 .data          0x0000000000000000        0x0 src/main.o
 .debug_macro   0x0000000000000000      0xa66 src/main.o
 .debug_macro   0x0000000000000000       0x22 src/main.o
 .debug_macro   0x0000000000000000       0x87 src/main.o
 .debug_macro   0x0000000000000000       0x51 src/main.o
 .debug_macro   0x0000000000000000       0xef src/main.o
 .debug_macro   0x0000000000000000       0x6a src/main.o
 .debug_macro   0x0000000000000000      0x1df src/main.o
 .group         0x0000000000000000        0xc src/syscalls.o
 .group         0x0000000000000000        0xc src/syscalls.o
 .group         0x0000000000000000        0xc src/syscalls.o
 .group         0x0000000000000000        0xc src/syscalls.o
 .group         0x0000000000000000        0xc src/syscalls.o
 .group         0x0000000000000000        0xc src/syscalls.o
 .group         0x0000000000000000        0xc src/syscalls.o
 .group         0x0000000000000000        0xc src/syscalls.o
 .group         0x0000000000000000        0xc src/syscalls.o
 .group         0x0000000000000000        0xc src/syscalls.o
 .group         0x0000000000000000        0xc src/syscalls.o
 .group         0x0000000000000000        0xc src/syscalls.o
 .group         0x0000000000000000        0xc src/syscalls.o
 .group         0x0000000000000000        0xc src/syscalls.o
 .group         0x0000000000000000        0xc src/syscalls.o
 .group         0x0000000000000000        0xc src/syscalls.o
 .group         0x0000000000000000        0xc src/syscalls.o
 .group         0x0000000000000000        0xc src/syscalls.o
 .group         0x0000000000000000        0xc src/syscalls.o
 .group         0x0000000000000000        0xc src/syscalls.o
 .group         0x0000000000000000        0xc src/syscalls.o
 .group         0x0000000000000000        0xc src/syscalls.o
 .group         0x0000000000000000        0xc src/syscalls.o
 .group         0x0000000000000000        0xc src/syscalls.o
 .group         0x0000000000000000        0xc src/syscalls.o
 .group         0x0000000000000000        0xc src/syscalls.o
 .group         0x0000000000000000        0xc src/syscalls.o
 .group         0x0000000000000000        0xc src/syscalls.o
 .group         0x0000000000000000        0xc src/syscalls.o
 .group         0x0000000000000000        0xc src/syscalls.o
 .group         0x0000000000000000        0xc src/syscalls.o
 .group         0x0000000000000000        0xc src/syscalls.o
 .group         0x0000000000000000        0xc src/syscalls.o
 .group         0x0000000000000000        0xc src/syscalls.o
 .group         0x0000000000000000        0xc src/syscalls.o
 .group         0x0000000000000000        0xc src/syscalls.o
 .group         0x0000000000000000        0xc src/syscalls.o
 .group         0x0000000000000000        0xc src/syscalls.o
 .group         0x0000000000000000        0xc src/syscalls.o
 .group         0x0000000000000000        0xc src/syscalls.o
 .group         0x0000000000000000        0xc src/syscalls.o
 .group         0x0000000000000000        0xc src/syscalls.o
 .group         0x0000000000000000        0xc src/syscalls.o
 .group         0x0000000000000000        0xc src/syscalls.o
 .text          0x0000000000000000        0x0 src/syscalls.o
 .data          0x0000000000000000        0x4 src/syscalls.o
 .bss           0x0000000000000000        0x8 src/syscalls.o
 .text.initialise_monitor_handles
                0x0000000000000000        0xc src/syscalls.o
 .text._getpid  0x0000000000000000        0xe src/syscalls.o
 .text._kill    0x0000000000000000       0x20 src/syscalls.o
 .text._exit    0x0000000000000000       0x14 src/syscalls.o
 .text._read    0x0000000000000000       0x3a src/syscalls.o
 .text._write   0x0000000000000000       0x38 src/syscalls.o
 .text._sbrk    0x0000000000000000       0x58 src/syscalls.o
 .text._close   0x0000000000000000       0x16 src/syscalls.o
 .text._fstat   0x0000000000000000       0x1e src/syscalls.o
 .text._isatty  0x0000000000000000       0x14 src/syscalls.o
 .text._lseek   0x0000000000000000       0x18 src/syscalls.o
 .text._open    0x0000000000000000       0x1a src/syscalls.o
 .text._wait    0x0000000000000000       0x1e src/syscalls.o
 .text._unlink  0x0000000000000000       0x1e src/syscalls.o
 .text._times   0x0000000000000000       0x16 src/syscalls.o
 .text._stat    0x0000000000000000       0x1e src/syscalls.o
 .text._link    0x0000000000000000       0x20 src/syscalls.o
 .text._fork    0x0000000000000000       0x16 src/syscalls.o
 .text._execve  0x0000000000000000       0x22 src/syscalls.o
 .debug_info    0x0000000000000000      0xf2e src/syscalls.o
 .debug_abbrev  0x0000000000000000      0x2aa src/syscalls.o
 .debug_aranges
                0x0000000000000000       0xb0 src/syscalls.o
 .debug_ranges  0x0000000000000000       0xa0 src/syscalls.o
 .debug_macro   0x0000000000000000      0x243 src/syscalls.o
 .debug_macro   0x0000000000000000      0xa66 src/syscalls.o
 .debug_macro   0x0000000000000000       0x22 src/syscalls.o
 .debug_macro   0x0000000000000000       0x52 src/syscalls.o
 .debug_macro   0x0000000000000000       0x17 src/syscalls.o
 .debug_macro   0x0000000000000000       0x8d src/syscalls.o
 .debug_macro   0x0000000000000000       0x35 src/syscalls.o
 .debug_macro   0x0000000000000000       0x9c src/syscalls.o
 .debug_macro   0x0000000000000000       0x57 src/syscalls.o
 .debug_macro   0x0000000000000000      0x174 src/syscalls.o
 .debug_macro   0x0000000000000000      0x330 src/syscalls.o
 .debug_macro   0x0000000000000000       0x58 src/syscalls.o
 .debug_macro   0x0000000000000000       0x1f src/syscalls.o
 .debug_macro   0x0000000000000000       0x43 src/syscalls.o
 .debug_macro   0x0000000000000000       0x20 src/syscalls.o
 .debug_macro   0x0000000000000000      0x18e src/syscalls.o
 .debug_macro   0x0000000000000000       0x10 src/syscalls.o
 .debug_macro   0x0000000000000000       0x35 src/syscalls.o
 .debug_macro   0x0000000000000000       0x10 src/syscalls.o
 .debug_macro   0x0000000000000000       0x10 src/syscalls.o
 .debug_macro   0x0000000000000000       0x10 src/syscalls.o
 .debug_macro   0x0000000000000000       0x6a src/syscalls.o
 .debug_macro   0x0000000000000000       0x1c src/syscalls.o
 .debug_macro   0x0000000000000000       0x52 src/syscalls.o
 .debug_macro   0x0000000000000000       0x40 src/syscalls.o
 .debug_macro   0x0000000000000000       0x10 src/syscalls.o
 .debug_macro   0x0000000000000000       0x40 src/syscalls.o
 .debug_macro   0x0000000000000000       0xd7 src/syscalls.o
 .debug_macro   0x0000000000000000       0x1c src/syscalls.o
 .debug_macro   0x0000000000000000       0x3d src/syscalls.o
 .debug_macro   0x0000000000000000       0x35 src/syscalls.o
 .debug_macro   0x0000000000000000      0x122 src/syscalls.o
 .debug_macro   0x0000000000000000       0x16 src/syscalls.o
 .debug_macro   0x0000000000000000       0x16 src/syscalls.o
 .debug_macro   0x0000000000000000       0x29 src/syscalls.o
 .debug_macro   0x0000000000000000       0x10 src/syscalls.o
 .debug_macro   0x0000000000000000      0x241 src/syscalls.o
 .debug_macro   0x0000000000000000       0x1c src/syscalls.o
 .debug_macro   0x0000000000000000       0x10 src/syscalls.o
 .debug_macro   0x0000000000000000       0x10 src/syscalls.o
 .debug_macro   0x0000000000000000       0x16 src/syscalls.o
 .debug_macro   0x0000000000000000      0x16f src/syscalls.o
 .debug_macro   0x0000000000000000      0x189 src/syscalls.o
 .debug_macro   0x0000000000000000       0x16 src/syscalls.o
 .debug_macro   0x0000000000000000       0x88 src/syscalls.o
 .debug_line    0x0000000000000000      0x5ff src/syscalls.o
 .debug_str     0x0000000000000000     0x8691 src/syscalls.o
 .comment       0x0000000000000000       0x7f src/syscalls.o
 .debug_frame   0x0000000000000000      0x2d0 src/syscalls.o
 .ARM.attributes
                0x0000000000000000       0x33 src/syscalls.o
 .text          0x0000000000000000       0x14 startup/startup_stm32.o
 .data          0x0000000000000000        0x0 startup/startup_stm32.o
 .bss           0x0000000000000000        0x0 startup/startup_stm32.o
 .text          0x0000000000000000        0x0 /home/ds/Ac6/SystemWorkbench/plugins/fr.ac6.mcu.externaltools.arm-none.linux64_1.16.0.201807130628/tools/compiler/bin/../lib/gcc/arm-none-eabi/7.2.1/../../../../arm-none-eabi/lib/thumb/v7-m/libc.a(lib_a-errno.o)
 .data          0x0000000000000000        0x0 /home/ds/Ac6/SystemWorkbench/plugins/fr.ac6.mcu.externaltools.arm-none.linux64_1.16.0.201807130628/tools/compiler/bin/../lib/gcc/arm-none-eabi/7.2.1/../../../../arm-none-eabi/lib/thumb/v7-m/libc.a(lib_a-errno.o)
 .bss           0x0000000000000000        0x0 /home/ds/Ac6/SystemWorkbench/plugins/fr.ac6.mcu.externaltools.arm-none.linux64_1.16.0.201807130628/tools/compiler/bin/../lib/gcc/arm-none-eabi/7.2.1/../../../../arm-none-eabi/lib/thumb/v7-m/libc.a(lib_a-errno.o)
 .text.__errno  0x0000000000000000        0xc /home/ds/Ac6/SystemWorkbench/plugins/fr.ac6.mcu.externaltools.arm-none.linux64_1.16.0.201807130628/tools/compiler/bin/../lib/gcc/arm-none-eabi/7.2.1/../../../../arm-none-eabi/lib/thumb/v7-m/libc.a(lib_a-errno.o)
 .debug_frame   0x0000000000000000       0x20 /home/ds/Ac6/SystemWorkbench/plugins/fr.ac6.mcu.externaltools.arm-none.linux64_1.16.0.201807130628/tools/compiler/bin/../lib/gcc/arm-none-eabi/7.2.1/../../../../arm-none-eabi/lib/thumb/v7-m/libc.a(lib_a-errno.o)
 .ARM.attributes
                0x0000000000000000       0x2d /home/ds/Ac6/SystemWorkbench/plugins/fr.ac6.mcu.externaltools.arm-none.linux64_1.16.0.201807130628/tools/compiler/bin/../lib/gcc/arm-none-eabi/7.2.1/../../../../arm-none-eabi/lib/thumb/v7-m/libc.a(lib_a-errno.o)
 .text          0x0000000000000000        0x0 /home/ds/Ac6/SystemWorkbench/plugins/fr.ac6.mcu.externaltools.arm-none.linux64_1.16.0.201807130628/tools/compiler/bin/../lib/gcc/arm-none-eabi/7.2.1/../../../../arm-none-eabi/lib/thumb/v7-m/libc.a(lib_a-exit.o)
 .data          0x0000000000000000        0x0 /home/ds/Ac6/SystemWorkbench/plugins/fr.ac6.mcu.externaltools.arm-none.linux64_1.16.0.201807130628/tools/compiler/bin/../lib/gcc/arm-none-eabi/7.2.1/../../../../arm-none-eabi/lib/thumb/v7-m/libc.a(lib_a-exit.o)
 .bss           0x0000000000000000        0x0 /home/ds/Ac6/SystemWorkbench/plugins/fr.ac6.mcu.externaltools.arm-none.linux64_1.16.0.201807130628/tools/compiler/bin/../lib/gcc/arm-none-eabi/7.2.1/../../../../arm-none-eabi/lib/thumb/v7-m/libc.a(lib_a-exit.o)
 .text.exit     0x0000000000000000       0x20 /home/ds/Ac6/SystemWorkbench/plugins/fr.ac6.mcu.externaltools.arm-none.linux64_1.16.0.201807130628/tools/compiler/bin/../lib/gcc/arm-none-eabi/7.2.1/../../../../arm-none-eabi/lib/thumb/v7-m/libc.a(lib_a-exit.o)
 .debug_frame   0x0000000000000000       0x28 /home/ds/Ac6/SystemWorkbench/plugins/fr.ac6.mcu.externaltools.arm-none.linux64_1.16.0.201807130628/tools/compiler/bin/../lib/gcc/arm-none-eabi/7.2.1/../../../../arm-none-eabi/lib/thumb/v7-m/libc.a(lib_a-exit.o)
 .ARM.attributes
                0x0000000000000000       0x2d /home/ds/Ac6/SystemWorkbench/plugins/fr.ac6.mcu.externaltools.arm-none.linux64_1.16.0.201807130628/tools/compiler/bin/../lib/gcc/arm-none-eabi/7.2.1/../../../../arm-none-eabi/lib/thumb/v7-m/libc.a(lib_a-exit.o)
 .text          0x0000000000000000        0x0 /home/ds/Ac6/SystemWorkbench/plugins/fr.ac6.mcu.externaltools.arm-none.linux64_1.16.0.201807130628/tools/compiler/bin/../lib/gcc/arm-none-eabi/7.2.1/../../../../arm-none-eabi/lib/thumb/v7-m/libc.a(lib_a-impure.o)
 .data          0x0000000000000000        0x0 /home/ds/Ac6/SystemWorkbench/plugins/fr.ac6.mcu.externaltools.arm-none.linux64_1.16.0.201807130628/tools/compiler/bin/../lib/gcc/arm-none-eabi/7.2.1/../../../../arm-none-eabi/lib/thumb/v7-m/libc.a(lib_a-impure.o)
 .bss           0x0000000000000000        0x0 /home/ds/Ac6/SystemWorkbench/plugins/fr.ac6.mcu.externaltools.arm-none.linux64_1.16.0.201807130628/tools/compiler/bin/../lib/gcc/arm-none-eabi/7.2.1/../../../../arm-none-eabi/lib/thumb/v7-m/libc.a(lib_a-impure.o)
 .data._impure_ptr
                0x0000000000000000        0x4 /home/ds/Ac6/SystemWorkbench/plugins/fr.ac6.mcu.externaltools.arm-none.linux64_1.16.0.201807130628/tools/compiler/bin/../lib/gcc/arm-none-eabi/7.2.1/../../../../arm-none-eabi/lib/thumb/v7-m/libc.a(lib_a-impure.o)
 .text          0x0000000000000000        0x0 /home/ds/Ac6/SystemWorkbench/plugins/fr.ac6.mcu.externaltools.arm-none.linux64_1.16.0.201807130628/tools/compiler/bin/../lib/gcc/arm-none-eabi/7.2.1/../../../../arm-none-eabi/lib/thumb/v7-m/libc.a(lib_a-init.o)
 .data          0x0000000000000000        0x0 /home/ds/Ac6/SystemWorkbench/plugins/fr.ac6.mcu.externaltools.arm-none.linux64_1.16.0.201807130628/tools/compiler/bin/../lib/gcc/arm-none-eabi/7.2.1/../../../../arm-none-eabi/lib/thumb/v7-m/libc.a(lib_a-init.o)
 .bss           0x0000000000000000        0x0 /home/ds/Ac6/SystemWorkbench/plugins/fr.ac6.mcu.externaltools.arm-none.linux64_1.16.0.201807130628/tools/compiler/bin/../lib/gcc/arm-none-eabi/7.2.1/../../../../arm-none-eabi/lib/thumb/v7-m/libc.a(lib_a-init.o)
 .text          0x0000000000000000        0x0 /home/ds/Ac6/SystemWorkbench/plugins/fr.ac6.mcu.externaltools.arm-none.linux64_1.16.0.201807130628/tools/compiler/bin/../lib/gcc/arm-none-eabi/7.2.1/../../../../arm-none-eabi/lib/thumb/v7-m/libc.a(lib_a-memset.o)
 .data          0x0000000000000000        0x0 /home/ds/Ac6/SystemWorkbench/plugins/fr.ac6.mcu.externaltools.arm-none.linux64_1.16.0.201807130628/tools/compiler/bin/../lib/gcc/arm-none-eabi/7.2.1/../../../../arm-none-eabi/lib/thumb/v7-m/libc.a(lib_a-memset.o)
 .bss           0x0000000000000000        0x0 /home/ds/Ac6/SystemWorkbench/plugins/fr.ac6.mcu.externaltools.arm-none.linux64_1.16.0.201807130628/tools/compiler/bin/../lib/gcc/arm-none-eabi/7.2.1/../../../../arm-none-eabi/lib/thumb/v7-m/libc.a(lib_a-memset.o)
 .text.memset   0x0000000000000000       0x94 /home/ds/Ac6/SystemWorkbench/plugins/fr.ac6.mcu.externaltools.arm-none.linux64_1.16.0.201807130628/tools/compiler/bin/../lib/gcc/arm-none-eabi/7.2.1/../../../../arm-none-eabi/lib/thumb/v7-m/libc.a(lib_a-memset.o)
 .debug_frame   0x0000000000000000       0x38 /home/ds/Ac6/SystemWorkbench/plugins/fr.ac6.mcu.externaltools.arm-none.linux64_1.16.0.201807130628/tools/compiler/bin/../lib/gcc/arm-none-eabi/7.2.1/../../../../arm-none-eabi/lib/thumb/v7-m/libc.a(lib_a-memset.o)
 .ARM.attributes
                0x0000000000000000       0x2d /home/ds/Ac6/SystemWorkbench/plugins/fr.ac6.mcu.externaltools.arm-none.linux64_1.16.0.201807130628/tools/compiler/bin/../lib/gcc/arm-none-eabi/7.2.1/../../../../arm-none-eabi/lib/thumb/v7-m/libc.a(lib_a-memset.o)
 .text          0x0000000000000000        0x0 /home/ds/Ac6/SystemWorkbench/plugins/fr.ac6.mcu.externaltools.arm-none.linux64_1.16.0.201807130628/tools/compiler/bin/../lib/gcc/arm-none-eabi/7.2.1/../../../../arm-none-eabi/lib/thumb/v7-m/libc.a(lib_a-__call_atexit.o)
 .data          0x0000000000000000        0x0 /home/ds/Ac6/SystemWorkbench/plugins/fr.ac6.mcu.externaltools.arm-none.linux64_1.16.0.201807130628/tools/compiler/bin/../lib/gcc/arm-none-eabi/7.2.1/../../../../arm-none-eabi/lib/thumb/v7-m/libc.a(lib_a-__call_atexit.o)
 .bss           0x0000000000000000        0x0 /home/ds/Ac6/SystemWorkbench/plugins/fr.ac6.mcu.externaltools.arm-none.linux64_1.16.0.201807130628/tools/compiler/bin/../lib/gcc/arm-none-eabi/7.2.1/../../../../arm-none-eabi/lib/thumb/v7-m/libc.a(lib_a-__call_atexit.o)
 .text.__call_exitprocs
                0x0000000000000000       0xe8 /home/ds/Ac6/SystemWorkbench/plugins/fr.ac6.mcu.externaltools.arm-none.linux64_1.16.0.201807130628/tools/compiler/bin/../lib/gcc/arm-none-eabi/7.2.1/../../../../arm-none-eabi/lib/thumb/v7-m/libc.a(lib_a-__call_atexit.o)
 .text          0x0000000000000000        0x0 /home/ds/Ac6/SystemWorkbench/plugins/fr.ac6.mcu.externaltools.arm-none.linux64_1.16.0.201807130628/tools/compiler/bin/../lib/gcc/arm-none-eabi/7.2.1/../../../../arm-none-eabi/lib/thumb/v7-m/libc.a(lib_a-atexit.o)
 .data          0x0000000000000000        0x0 /home/ds/Ac6/SystemWorkbench/plugins/fr.ac6.mcu.externaltools.arm-none.linux64_1.16.0.201807130628/tools/compiler/bin/../lib/gcc/arm-none-eabi/7.2.1/../../../../arm-none-eabi/lib/thumb/v7-m/libc.a(lib_a-atexit.o)
 .bss           0x0000000000000000        0x0 /home/ds/Ac6/SystemWorkbench/plugins/fr.ac6.mcu.externaltools.arm-none.linux64_1.16.0.201807130628/tools/compiler/bin/../lib/gcc/arm-none-eabi/7.2.1/../../../../arm-none-eabi/lib/thumb/v7-m/libc.a(lib_a-atexit.o)
 .text          0x0000000000000000        0x0 /home/ds/Ac6/SystemWorkbench/plugins/fr.ac6.mcu.externaltools.arm-none.linux64_1.16.0.201807130628/tools/compiler/bin/../lib/gcc/arm-none-eabi/7.2.1/../../../../arm-none-eabi/lib/thumb/v7-m/libc.a(lib_a-fini.o)
 .data          0x0000000000000000        0x0 /home/ds/Ac6/SystemWorkbench/plugins/fr.ac6.mcu.externaltools.arm-none.linux64_1.16.0.201807130628/tools/compiler/bin/../lib/gcc/arm-none-eabi/7.2.1/../../../../arm-none-eabi/lib/thumb/v7-m/libc.a(lib_a-fini.o)
 .bss           0x0000000000000000        0x0 /home/ds/Ac6/SystemWorkbench/plugins/fr.ac6.mcu.externaltools.arm-none.linux64_1.16.0.201807130628/tools/compiler/bin/../lib/gcc/arm-none-eabi/7.2.1/../../../../arm-none-eabi/lib/thumb/v7-m/libc.a(lib_a-fini.o)
 .text          0x0000000000000000        0x0 /home/ds/Ac6/SystemWorkbench/plugins/fr.ac6.mcu.externaltools.arm-none.linux64_1.16.0.201807130628/tools/compiler/bin/../lib/gcc/arm-none-eabi/7.2.1/../../../../arm-none-eabi/lib/thumb/v7-m/libc.a(lib_a-lock.o)
 .data          0x0000000000000000        0x0 /home/ds/Ac6/SystemWorkbench/plugins/fr.ac6.mcu.externaltools.arm-none.linux64_1.16.0.201807130628/tools/compiler/bin/../lib/gcc/arm-none-eabi/7.2.1/../../../../arm-none-eabi/lib/thumb/v7-m/libc.a(lib_a-lock.o)
 .bss           0x0000000000000000        0x0 /home/ds/Ac6/SystemWorkbench/plugins/fr.ac6.mcu.externaltools.arm-none.linux64_1.16.0.201807130628/tools/compiler/bin/../lib/gcc/arm-none-eabi/7.2.1/../../../../arm-none-eabi/lib/thumb/v7-m/libc.a(lib_a-lock.o)
 .text.__retarget_lock_init
                0x0000000000000000        0x4 /home/ds/Ac6/SystemWorkbench/plugins/fr.ac6.mcu.externaltools.arm-none.linux64_1.16.0.201807130628/tools/compiler/bin/../lib/gcc/arm-none-eabi/7.2.1/../../../../arm-none-eabi/lib/thumb/v7-m/libc.a(lib_a-lock.o)
 .text.__retarget_lock_init_recursive
                0x0000000000000000        0x4 /home/ds/Ac6/SystemWorkbench/plugins/fr.ac6.mcu.externaltools.arm-none.linux64_1.16.0.201807130628/tools/compiler/bin/../lib/gcc/arm-none-eabi/7.2.1/../../../../arm-none-eabi/lib/thumb/v7-m/libc.a(lib_a-lock.o)
 .text.__retarget_lock_close
                0x0000000000000000        0x4 /home/ds/Ac6/SystemWorkbench/plugins/fr.ac6.mcu.externaltools.arm-none.linux64_1.16.0.201807130628/tools/compiler/bin/../lib/gcc/arm-none-eabi/7.2.1/../../../../arm-none-eabi/lib/thumb/v7-m/libc.a(lib_a-lock.o)
 .text.__retarget_lock_close_recursive
                0x0000000000000000        0x4 /home/ds/Ac6/SystemWorkbench/plugins/fr.ac6.mcu.externaltools.arm-none.linux64_1.16.0.201807130628/tools/compiler/bin/../lib/gcc/arm-none-eabi/7.2.1/../../../../arm-none-eabi/lib/thumb/v7-m/libc.a(lib_a-lock.o)
 .text.__retarget_lock_acquire
                0x0000000000000000        0x4 /home/ds/Ac6/SystemWorkbench/plugins/fr.ac6.mcu.externaltools.arm-none.linux64_1.16.0.201807130628/tools/compiler/bin/../lib/gcc/arm-none-eabi/7.2.1/../../../../arm-none-eabi/lib/thumb/v7-m/libc.a(lib_a-lock.o)
 .text.__retarget_lock_try_acquire
                0x0000000000000000        0x4 /home/ds/Ac6/SystemWorkbench/plugins/fr.ac6.mcu.externaltools.arm-none.linux64_1.16.0.201807130628/tools/compiler/bin/../lib/gcc/arm-none-eabi/7.2.1/../../../../arm-none-eabi/lib/thumb/v7-m/libc.a(lib_a-lock.o)
 .text.__retarget_lock_try_acquire_recursive
                0x0000000000000000        0x4 /home/ds/Ac6/SystemWorkbench/plugins/fr.ac6.mcu.externaltools.arm-none.linux64_1.16.0.201807130628/tools/compiler/bin/../lib/gcc/arm-none-eabi/7.2.1/../../../../arm-none-eabi/lib/thumb/v7-m/libc.a(lib_a-lock.o)
 .text.__retarget_lock_release
                0x0000000000000000        0x4 /home/ds/Ac6/SystemWorkbench/plugins/fr.ac6.mcu.externaltools.arm-none.linux64_1.16.0.201807130628/tools/compiler/bin/../lib/gcc/arm-none-eabi/7.2.1/../../../../arm-none-eabi/lib/thumb/v7-m/libc.a(lib_a-lock.o)
 .text          0x0000000000000000        0x0 /home/ds/Ac6/SystemWorkbench/plugins/fr.ac6.mcu.externaltools.arm-none.linux64_1.16.0.201807130628/tools/compiler/bin/../lib/gcc/arm-none-eabi/7.2.1/../../../../arm-none-eabi/lib/thumb/v7-m/libc.a(lib_a-__atexit.o)
 .data          0x0000000000000000        0x0 /home/ds/Ac6/SystemWorkbench/plugins/fr.ac6.mcu.externaltools.arm-none.linux64_1.16.0.201807130628/tools/compiler/bin/../lib/gcc/arm-none-eabi/7.2.1/../../../../arm-none-eabi/lib/thumb/v7-m/libc.a(lib_a-__atexit.o)
 .bss           0x0000000000000000        0x0 /home/ds/Ac6/SystemWorkbench/plugins/fr.ac6.mcu.externaltools.arm-none.linux64_1.16.0.201807130628/tools/compiler/bin/../lib/gcc/arm-none-eabi/7.2.1/../../../../arm-none-eabi/lib/thumb/v7-m/libc.a(lib_a-__atexit.o)
 .text          0x0000000000000000        0x0 /home/ds/Ac6/SystemWorkbench/plugins/fr.ac6.mcu.externaltools.arm-none.linux64_1.16.0.201807130628/tools/compiler/bin/../lib/gcc/arm-none-eabi/7.2.1/thumb/v7-m/crtend.o
 .data          0x0000000000000000        0x0 /home/ds/Ac6/SystemWorkbench/plugins/fr.ac6.mcu.externaltools.arm-none.linux64_1.16.0.201807130628/tools/compiler/bin/../lib/gcc/arm-none-eabi/7.2.1/thumb/v7-m/crtend.o
 .bss           0x0000000000000000        0x0 /home/ds/Ac6/SystemWorkbench/plugins/fr.ac6.mcu.externaltools.arm-none.linux64_1.16.0.201807130628/tools/compiler/bin/../lib/gcc/arm-none-eabi/7.2.1/thumb/v7-m/crtend.o
 .eh_frame      0x0000000000000000        0x4 /home/ds/Ac6/SystemWorkbench/plugins/fr.ac6.mcu.externaltools.arm-none.linux64_1.16.0.201807130628/tools/compiler/bin/../lib/gcc/arm-none-eabi/7.2.1/thumb/v7-m/crtend.o
 .ARM.attributes
                0x0000000000000000       0x2d /home/ds/Ac6/SystemWorkbench/plugins/fr.ac6.mcu.externaltools.arm-none.linux64_1.16.0.201807130628/tools/compiler/bin/../lib/gcc/arm-none-eabi/7.2.1/thumb/v7-m/crtend.o
 .text          0x0000000000000000        0x0 /home/ds/Ac6/SystemWorkbench/plugins/fr.ac6.mcu.externaltools.arm-none.linux64_1.16.0.201807130628/tools/compiler/bin/../lib/gcc/arm-none-eabi/7.2.1/thumb/v7-m/crtn.o
 .data          0x0000000000000000        0x0 /home/ds/Ac6/SystemWorkbench/plugins/fr.ac6.mcu.externaltools.arm-none.linux64_1.16.0.201807130628/tools/compiler/bin/../lib/gcc/arm-none-eabi/7.2.1/thumb/v7-m/crtn.o
 .bss           0x0000000000000000        0x0 /home/ds/Ac6/SystemWorkbench/plugins/fr.ac6.mcu.externaltools.arm-none.linux64_1.16.0.201807130628/tools/compiler/bin/../lib/gcc/arm-none-eabi/7.2.1/thumb/v7-m/crtn.o

Memory Configuration

Name             Origin             Length             Attributes
RAM              0x0000000020000000 0x0000000000005000 xrw
ROM              0x0000000008000000 0x0000000000010000 xr
*default*        0x0000000000000000 0xffffffffffffffff

Linker script and memory map

LOAD /home/ds/Ac6/SystemWorkbench/plugins/fr.ac6.mcu.externaltools.arm-none.linux64_1.16.0.201807130628/tools/compiler/bin/../lib/gcc/arm-none-eabi/7.2.1/thumb/v7-m/crti.o
LOAD /home/ds/Ac6/SystemWorkbench/plugins/fr.ac6.mcu.externaltools.arm-none.linux64_1.16.0.201807130628/tools/compiler/bin/../lib/gcc/arm-none-eabi/7.2.1/thumb/v7-m/crtbegin.o
LOAD /home/ds/Ac6/SystemWorkbench/plugins/fr.ac6.mcu.externaltools.arm-none.linux64_1.16.0.201807130628/tools/compiler/bin/../lib/gcc/arm-none-eabi/7.2.1/../../../../arm-none-eabi/lib/thumb/v7-m/crt0.o
LOAD CMSIS/core/core_cm3.o
LOAD src/main.o
LOAD src/syscalls.o
LOAD startup/startup_stm32.o
LOAD /home/ds/Ac6/SystemWorkbench/plugins/fr.ac6.mcu.externaltools.arm-none.linux64_1.16.0.201807130628/tools/compiler/bin/../lib/gcc/arm-none-eabi/7.2.1/../../../../arm-none-eabi/lib/thumb/v7-m/libm.a
START GROUP
LOAD /home/ds/Ac6/SystemWorkbench/plugins/fr.ac6.mcu.externaltools.arm-none.linux64_1.16.0.201807130628/tools/compiler/bin/../lib/gcc/arm-none-eabi/7.2.1/thumb/v7-m/libgcc.a
LOAD /home/ds/Ac6/SystemWorkbench/plugins/fr.ac6.mcu.externaltools.arm-none.linux64_1.16.0.201807130628/tools/compiler/bin/../lib/gcc/arm-none-eabi/7.2.1/../../../../arm-none-eabi/lib/thumb/v7-m/libc.a
END GROUP
LOAD /home/ds/Ac6/SystemWorkbench/plugins/fr.ac6.mcu.externaltools.arm-none.linux64_1.16.0.201807130628/tools/compiler/bin/../lib/gcc/arm-none-eabi/7.2.1/thumb/v7-m/crtend.o
LOAD /home/ds/Ac6/SystemWorkbench/plugins/fr.ac6.mcu.externaltools.arm-none.linux64_1.16.0.201807130628/tools/compiler/bin/../lib/gcc/arm-none-eabi/7.2.1/thumb/v7-m/crtn.o
                0x0000000020005000                _estack = 0x20005000
                0x0000000000000000                _Min_Heap_Size = 0x0
                0x0000000000000400                _Min_Stack_Size = 0x400

.isr_vector     0x0000000008000000      0x130
                0x0000000008000000                . = ALIGN (0x4)
 *(.isr_vector)
 .isr_vector    0x0000000008000000      0x130 startup/startup_stm32.o
                0x0000000008000000                g_pfnVectors
                0x0000000008000130                . = ALIGN (0x4)

.text           0x0000000008000130      0x620
                0x0000000008000130                . = ALIGN (0x4)
 *(.text)
 .text          0x0000000008000130       0x40 /home/ds/Ac6/SystemWorkbench/plugins/fr.ac6.mcu.externaltools.arm-none.linux64_1.16.0.201807130628/tools/compiler/bin/../lib/gcc/arm-none-eabi/7.2.1/thumb/v7-m/crtbegin.o
 *(.text*)
 .text.NVIC_EnableIRQ
                0x0000000008000170       0x30 src/main.o
 .text.NVIC_SetPriority
                0x00000000080001a0       0x54 src/main.o
 .text.SysTick_Config
                0x00000000080001f4       0x44 src/main.o
 .text.main     0x0000000008000238      0x168 src/main.o
                0x0000000008000238                main
 .text.TEST_HIGH
                0x00000000080003a0       0x1c src/main.o
                0x00000000080003a0                TEST_HIGH
 .text.TEST_LOW
                0x00000000080003bc       0x1c src/main.o
                0x00000000080003bc                TEST_LOW
 .text.nRST_HIGH
                0x00000000080003d8       0x1c src/main.o
                0x00000000080003d8                nRST_HIGH
 .text.nRST_LOW
                0x00000000080003f4       0x1c src/main.o
                0x00000000080003f4                nRST_LOW
 .text.DELAY    0x0000000008000410       0x22 src/main.o
                0x0000000008000410                DELAY
 *fill*         0x0000000008000432        0x2 
 .text.SysTick_Handler
                0x0000000008000434       0x3c src/main.o
                0x0000000008000434                SysTick_Handler
 .text.USART1_IRQHandler
                0x0000000008000470       0xb8 src/main.o
                0x0000000008000470                USART1_IRQHandler
 .text.USART2_IRQHandler
                0x0000000008000528       0x58 src/main.o
                0x0000000008000528                USART2_IRQHandler
 .text.Reset_Handler
                0x0000000008000580       0x50 startup/startup_stm32.o
                0x0000000008000580                Reset_Handler
 .text.Default_Handler
                0x00000000080005d0        0x2 startup/startup_stm32.o
                0x00000000080005d0                EXTI2_IRQHandler
                0x00000000080005d0                TIM8_TRG_COM_IRQHandler
                0x00000000080005d0                TIM8_CC_IRQHandler
                0x00000000080005d0                DebugMon_Handler
                0x00000000080005d0                TIM1_CC_IRQHandler
                0x00000000080005d0                HardFault_Handler
                0x00000000080005d0                TIM6_IRQHandler
                0x00000000080005d0                PVD_IRQHandler
                0x00000000080005d0                SDIO_IRQHandler
                0x00000000080005d0                PendSV_Handler
                0x00000000080005d0                NMI_Handler
                0x00000000080005d0                EXTI3_IRQHandler
                0x00000000080005d0                USB_HP_CAN_TX_IRQHandler
                0x00000000080005d0                EXTI0_IRQHandler
                0x00000000080005d0                I2C2_EV_IRQHandler
                0x00000000080005d0                UsageFault_Handler
                0x00000000080005d0                ADC1_2_IRQHandler
                0x00000000080005d0                SPI1_IRQHandler
                0x00000000080005d0                CAN_SCE_IRQHandler
                0x00000000080005d0                TAMPER_IRQHandler
                0x00000000080005d0                TIM8_UP_IRQHandler
                0x00000000080005d0                DMA2_Channel2_IRQHandler
                0x00000000080005d0                DMA1_Channel4_IRQHandler
                0x00000000080005d0                USART3_IRQHandler
                0x00000000080005d0                RTC_IRQHandler
                0x00000000080005d0                DMA1_Channel7_IRQHandler
                0x00000000080005d0                UART5_IRQHandler
                0x00000000080005d0                ADC3_IRQHandler
                0x00000000080005d0                TIM4_IRQHandler
                0x00000000080005d0                CAN_RX1_IRQHandler
                0x00000000080005d0                DMA2_Channel1_IRQHandler
                0x00000000080005d0                I2C1_EV_IRQHandler
                0x00000000080005d0                DMA1_Channel6_IRQHandler
                0x00000000080005d0                UART4_IRQHandler
                0x00000000080005d0                TIM3_IRQHandler
                0x00000000080005d0                RCC_IRQHandler
                0x00000000080005d0                TIM1_TRG_COM_IRQHandler
                0x00000000080005d0                DMA1_Channel1_IRQHandler
                0x00000000080005d0                Default_Handler
                0x00000000080005d0                EXTI15_10_IRQHandler
                0x00000000080005d0                TIM7_IRQHandler
                0x00000000080005d0                TIM5_IRQHandler
                0x00000000080005d0                EXTI9_5_IRQHandler
                0x00000000080005d0                SPI2_IRQHandler
                0x00000000080005d0                USB_LP_CAN_RX0_IRQHandler
                0x00000000080005d0                MemManage_Handler
                0x00000000080005d0                SVC_Handler
                0x00000000080005d0                DMA1_Channel5_IRQHandler
                0x00000000080005d0                EXTI4_IRQHandler
                0x00000000080005d0                DMA1_Channel3_IRQHandler
                0x00000000080005d0                FSMC_IRQHandler
                0x00000000080005d0                TIM1_UP_IRQHandler
                0x00000000080005d0                WWDG_IRQHandler
                0x00000000080005d0                TIM2_IRQHandler
                0x00000000080005d0                TIM1_BRK_IRQHandler
                0x00000000080005d0                EXTI1_IRQHandler
                0x00000000080005d0                RTCAlarm_IRQHandler
                0x00000000080005d0                DMA2_Channel4_5_IRQHandler
                0x00000000080005d0                I2C2_ER_IRQHandler
                0x00000000080005d0                DMA1_Channel2_IRQHandler
                0x00000000080005d0                TIM8_BRK_IRQHandler
                0x00000000080005d0                FLASH_IRQHandler
                0x00000000080005d0                BusFault_Handler
                0x00000000080005d0                SPI3_IRQHandler
                0x00000000080005d0                I2C1_ER_IRQHandler
                0x00000000080005d0                DMA2_Channel3_IRQHandler
 *fill*         0x00000000080005d2        0x2 
 .text.__libc_init_array
                0x00000000080005d4       0x48 /home/ds/Ac6/SystemWorkbench/plugins/fr.ac6.mcu.externaltools.arm-none.linux64_1.16.0.201807130628/tools/compiler/bin/../lib/gcc/arm-none-eabi/7.2.1/../../../../arm-none-eabi/lib/thumb/v7-m/libc.a(lib_a-init.o)
                0x00000000080005d4                __libc_init_array
 .text.startup.register_fini
                0x000000000800061c       0x14 /home/ds/Ac6/SystemWorkbench/plugins/fr.ac6.mcu.externaltools.arm-none.linux64_1.16.0.201807130628/tools/compiler/bin/../lib/gcc/arm-none-eabi/7.2.1/../../../../arm-none-eabi/lib/thumb/v7-m/libc.a(lib_a-__call_atexit.o)
 .text.atexit   0x0000000008000630        0xc /home/ds/Ac6/SystemWorkbench/plugins/fr.ac6.mcu.externaltools.arm-none.linux64_1.16.0.201807130628/tools/compiler/bin/../lib/gcc/arm-none-eabi/7.2.1/../../../../arm-none-eabi/lib/thumb/v7-m/libc.a(lib_a-atexit.o)
                0x0000000008000630                atexit
 .text.__libc_fini_array
                0x000000000800063c       0x34 /home/ds/Ac6/SystemWorkbench/plugins/fr.ac6.mcu.externaltools.arm-none.linux64_1.16.0.201807130628/tools/compiler/bin/../lib/gcc/arm-none-eabi/7.2.1/../../../../arm-none-eabi/lib/thumb/v7-m/libc.a(lib_a-fini.o)
                0x000000000800063c                __libc_fini_array
 .text.__retarget_lock_acquire_recursive
                0x0000000008000670        0x4 /home/ds/Ac6/SystemWorkbench/plugins/fr.ac6.mcu.externaltools.arm-none.linux64_1.16.0.201807130628/tools/compiler/bin/../lib/gcc/arm-none-eabi/7.2.1/../../../../arm-none-eabi/lib/thumb/v7-m/libc.a(lib_a-lock.o)
                0x0000000008000670                __retarget_lock_acquire_recursive
 .text.__retarget_lock_release_recursive
                0x0000000008000674        0x4 /home/ds/Ac6/SystemWorkbench/plugins/fr.ac6.mcu.externaltools.arm-none.linux64_1.16.0.201807130628/tools/compiler/bin/../lib/gcc/arm-none-eabi/7.2.1/../../../../arm-none-eabi/lib/thumb/v7-m/libc.a(lib_a-lock.o)
                0x0000000008000674                __retarget_lock_release_recursive
 .text.__register_exitproc
                0x0000000008000678       0xc0 /home/ds/Ac6/SystemWorkbench/plugins/fr.ac6.mcu.externaltools.arm-none.linux64_1.16.0.201807130628/tools/compiler/bin/../lib/gcc/arm-none-eabi/7.2.1/../../../../arm-none-eabi/lib/thumb/v7-m/libc.a(lib_a-__atexit.o)
                0x0000000008000678                __register_exitproc
 *(.glue_7)
 .glue_7        0x0000000008000738        0x0 linker stubs
 *(.glue_7t)
 .glue_7t       0x0000000008000738        0x0 linker stubs
 *(.eh_frame)
 .eh_frame      0x0000000008000738        0x0 /home/ds/Ac6/SystemWorkbench/plugins/fr.ac6.mcu.externaltools.arm-none.linux64_1.16.0.201807130628/tools/compiler/bin/../lib/gcc/arm-none-eabi/7.2.1/thumb/v7-m/crtbegin.o
 *(.init)
 .init          0x0000000008000738        0x4 /home/ds/Ac6/SystemWorkbench/plugins/fr.ac6.mcu.externaltools.arm-none.linux64_1.16.0.201807130628/tools/compiler/bin/../lib/gcc/arm-none-eabi/7.2.1/thumb/v7-m/crti.o
                0x0000000008000738                _init
 .init          0x000000000800073c        0x8 /home/ds/Ac6/SystemWorkbench/plugins/fr.ac6.mcu.externaltools.arm-none.linux64_1.16.0.201807130628/tools/compiler/bin/../lib/gcc/arm-none-eabi/7.2.1/thumb/v7-m/crtn.o
 *(.fini)
 .fini          0x0000000008000744        0x4 /home/ds/Ac6/SystemWorkbench/plugins/fr.ac6.mcu.externaltools.arm-none.linux64_1.16.0.201807130628/tools/compiler/bin/../lib/gcc/arm-none-eabi/7.2.1/thumb/v7-m/crti.o
                0x0000000008000744                _fini
 .fini          0x0000000008000748        0x8 /home/ds/Ac6/SystemWorkbench/plugins/fr.ac6.mcu.externaltools.arm-none.linux64_1.16.0.201807130628/tools/compiler/bin/../lib/gcc/arm-none-eabi/7.2.1/thumb/v7-m/crtn.o
                0x0000000008000750                . = ALIGN (0x4)
                0x0000000008000750                _etext = .

.vfp11_veneer   0x0000000008000750        0x0
 .vfp11_veneer  0x0000000008000750        0x0 linker stubs

.v4_bx          0x0000000008000750        0x0
 .v4_bx         0x0000000008000750        0x0 linker stubs

.iplt           0x0000000008000750        0x0
 .iplt          0x0000000008000750        0x0 /home/ds/Ac6/SystemWorkbench/plugins/fr.ac6.mcu.externaltools.arm-none.linux64_1.16.0.201807130628/tools/compiler/bin/../lib/gcc/arm-none-eabi/7.2.1/thumb/v7-m/crtbegin.o

.rodata         0x0000000008000750        0x4
                0x0000000008000750                . = ALIGN (0x4)
 *(.rodata)
 *(.rodata*)
 .rodata._global_impure_ptr
                0x0000000008000750        0x4 /home/ds/Ac6/SystemWorkbench/plugins/fr.ac6.mcu.externaltools.arm-none.linux64_1.16.0.201807130628/tools/compiler/bin/../lib/gcc/arm-none-eabi/7.2.1/../../../../arm-none-eabi/lib/thumb/v7-m/libc.a(lib_a-impure.o)
                0x0000000008000750                _global_impure_ptr
                0x0000000008000754                . = ALIGN (0x4)

.rel.dyn        0x0000000008000754        0x0
 .rel.iplt      0x0000000008000754        0x0 /home/ds/Ac6/SystemWorkbench/plugins/fr.ac6.mcu.externaltools.arm-none.linux64_1.16.0.201807130628/tools/compiler/bin/../lib/gcc/arm-none-eabi/7.2.1/thumb/v7-m/crtbegin.o

.ARM.extab      0x0000000008000754        0x0
                0x0000000008000754                . = ALIGN (0x4)
 *(.ARM.extab* .gnu.linkonce.armextab.*)
                0x0000000008000754                . = ALIGN (0x4)

.ARM            0x0000000008000754        0x0
                0x0000000008000754                . = ALIGN (0x4)
                0x0000000008000754                __exidx_start = .
 *(.ARM.exidx*)
                0x0000000008000754                __exidx_end = .
                0x0000000008000754                . = ALIGN (0x4)

.preinit_array  0x0000000008000754        0x0
                0x0000000008000754                . = ALIGN (0x4)
                0x0000000008000754                PROVIDE (__preinit_array_start, .)
 *(.preinit_array*)
                0x0000000008000754                PROVIDE (__preinit_array_end, .)
                0x0000000008000754                . = ALIGN (0x4)

.init_array     0x0000000008000754        0x8
                0x0000000008000754                . = ALIGN (0x4)
                0x0000000008000754                PROVIDE (__init_array_start, .)
 *(SORT_BY_NAME(.init_array.*))
 .init_array.00000
                0x0000000008000754        0x4 /home/ds/Ac6/SystemWorkbench/plugins/fr.ac6.mcu.externaltools.arm-none.linux64_1.16.0.201807130628/tools/compiler/bin/../lib/gcc/arm-none-eabi/7.2.1/../../../../arm-none-eabi/lib/thumb/v7-m/libc.a(lib_a-__call_atexit.o)
 *(.init_array*)
 .init_array    0x0000000008000758        0x4 /home/ds/Ac6/SystemWorkbench/plugins/fr.ac6.mcu.externaltools.arm-none.linux64_1.16.0.201807130628/tools/compiler/bin/../lib/gcc/arm-none-eabi/7.2.1/thumb/v7-m/crtbegin.o
                0x000000000800075c                PROVIDE (__init_array_end, .)
                0x000000000800075c                . = ALIGN (0x4)

.fini_array     0x000000000800075c        0x4
                0x000000000800075c                . = ALIGN (0x4)
                0x000000000800075c                PROVIDE (__fini_array_start, .)
 *(SORT_BY_NAME(.fini_array.*))
 *(.fini_array*)
 .fini_array    0x000000000800075c        0x4 /home/ds/Ac6/SystemWorkbench/plugins/fr.ac6.mcu.externaltools.arm-none.linux64_1.16.0.201807130628/tools/compiler/bin/../lib/gcc/arm-none-eabi/7.2.1/thumb/v7-m/crtbegin.o
                0x0000000008000760                PROVIDE (__fini_array_end, .)
                0x0000000008000760                . = ALIGN (0x4)
                0x0000000008000760                _sidata = LOADADDR (.data)

.data           0x0000000020000000      0x42c load address 0x0000000008000760
                0x0000000020000000                . = ALIGN (0x4)
                0x0000000020000000                _sdata = .
 *(.data)
 *(.data*)
 .data.impure_data
                0x0000000020000000      0x428 /home/ds/Ac6/SystemWorkbench/plugins/fr.ac6.mcu.externaltools.arm-none.linux64_1.16.0.201807130628/tools/compiler/bin/../lib/gcc/arm-none-eabi/7.2.1/../../../../arm-none-eabi/lib/thumb/v7-m/libc.a(lib_a-impure.o)
 .data.__atexit_recursive_mutex
                0x0000000020000428        0x4 /home/ds/Ac6/SystemWorkbench/plugins/fr.ac6.mcu.externaltools.arm-none.linux64_1.16.0.201807130628/tools/compiler/bin/../lib/gcc/arm-none-eabi/7.2.1/../../../../arm-none-eabi/lib/thumb/v7-m/libc.a(lib_a-__call_atexit.o)
                0x0000000020000428                __atexit_recursive_mutex
                0x000000002000042c                . = ALIGN (0x4)
                0x000000002000042c                _edata = .

.igot.plt       0x000000002000042c        0x0 load address 0x0000000008000b8c
 .igot.plt      0x000000002000042c        0x0 /home/ds/Ac6/SystemWorkbench/plugins/fr.ac6.mcu.externaltools.arm-none.linux64_1.16.0.201807130628/tools/compiler/bin/../lib/gcc/arm-none-eabi/7.2.1/thumb/v7-m/crtbegin.o
                0x000000002000042c                . = ALIGN (0x4)

.bss            0x000000002000042c       0x48 load address 0x0000000008000b8c
                0x000000002000042c                _sbss = .
                0x000000002000042c                __bss_start__ = _sbss
 *(.bss)
 .bss           0x000000002000042c       0x1c /home/ds/Ac6/SystemWorkbench/plugins/fr.ac6.mcu.externaltools.arm-none.linux64_1.16.0.201807130628/tools/compiler/bin/../lib/gcc/arm-none-eabi/7.2.1/thumb/v7-m/crtbegin.o
 .bss           0x0000000020000448        0x4 src/main.o
 *(.bss*)
 *(COMMON)
 COMMON         0x000000002000044c        0x4 src/main.o
                0x000000002000044c                PCout
                0x000000002000044d                MSPout
                0x000000002000044e                MSPin
                0x000000002000044f                PCin
 COMMON         0x0000000020000450       0x21 /home/ds/Ac6/SystemWorkbench/plugins/fr.ac6.mcu.externaltools.arm-none.linux64_1.16.0.201807130628/tools/compiler/bin/../lib/gcc/arm-none-eabi/7.2.1/../../../../arm-none-eabi/lib/thumb/v7-m/libc.a(lib_a-lock.o)
                0x0000000020000450                __lock___atexit_recursive_mutex
                0x0000000020000454                __lock___arc4random_mutex
                0x0000000020000458                __lock___env_recursive_mutex
                0x000000002000045c                __lock___sinit_recursive_mutex
                0x0000000020000460                __lock___malloc_recursive_mutex
                0x0000000020000464                __lock___at_quick_exit_mutex
                0x0000000020000468                __lock___dd_hash_mutex
                0x000000002000046c                __lock___tz_mutex
                0x0000000020000470                __lock___sfp_recursive_mutex
                0x0000000020000474                . = ALIGN (0x4)
 *fill*         0x0000000020000471        0x3 
                0x0000000020000474                _ebss = .
                0x0000000020000474                __bss_end__ = _ebss

._user_heap_stack
                0x0000000020000474      0x404 load address 0x0000000008000b8c
                0x0000000020000478                . = ALIGN (0x8)
 *fill*         0x0000000020000474        0x4 
                0x0000000020000478                PROVIDE (end, .)
                [!provide]                        PROVIDE (_end, .)
                0x0000000020000478                . = (. + _Min_Heap_Size)
                0x0000000020000878                . = (. + _Min_Stack_Size)
 *fill*         0x0000000020000478      0x400 
                0x0000000020000878                . = ALIGN (0x8)

/DISCARD/
 libc.a(*)
 libm.a(*)
 libgcc.a(*)

.ARM.attributes
                0x0000000000000000       0x29
 *(.ARM.attributes)
 .ARM.attributes
                0x0000000000000000       0x1d /home/ds/Ac6/SystemWorkbench/plugins/fr.ac6.mcu.externaltools.arm-none.linux64_1.16.0.201807130628/tools/compiler/bin/../lib/gcc/arm-none-eabi/7.2.1/thumb/v7-m/crti.o
 .ARM.attributes
                0x000000000000001d       0x2d /home/ds/Ac6/SystemWorkbench/plugins/fr.ac6.mcu.externaltools.arm-none.linux64_1.16.0.201807130628/tools/compiler/bin/../lib/gcc/arm-none-eabi/7.2.1/thumb/v7-m/crtbegin.o
 .ARM.attributes
                0x000000000000004a       0x33 src/main.o
 .ARM.attributes
                0x000000000000007d       0x21 startup/startup_stm32.o
 .ARM.attributes
                0x000000000000009e       0x2d /home/ds/Ac6/SystemWorkbench/plugins/fr.ac6.mcu.externaltools.arm-none.linux64_1.16.0.201807130628/tools/compiler/bin/../lib/gcc/arm-none-eabi/7.2.1/../../../../arm-none-eabi/lib/thumb/v7-m/libc.a(lib_a-impure.o)
 .ARM.attributes
                0x00000000000000cb       0x2d /home/ds/Ac6/SystemWorkbench/plugins/fr.ac6.mcu.externaltools.arm-none.linux64_1.16.0.201807130628/tools/compiler/bin/../lib/gcc/arm-none-eabi/7.2.1/../../../../arm-none-eabi/lib/thumb/v7-m/libc.a(lib_a-init.o)
 .ARM.attributes
                0x00000000000000f8       0x2d /home/ds/Ac6/SystemWorkbench/plugins/fr.ac6.mcu.externaltools.arm-none.linux64_1.16.0.201807130628/tools/compiler/bin/../lib/gcc/arm-none-eabi/7.2.1/../../../../arm-none-eabi/lib/thumb/v7-m/libc.a(lib_a-__call_atexit.o)
 .ARM.attributes
                0x0000000000000125       0x2d /home/ds/Ac6/SystemWorkbench/plugins/fr.ac6.mcu.externaltools.arm-none.linux64_1.16.0.201807130628/tools/compiler/bin/../lib/gcc/arm-none-eabi/7.2.1/../../../../arm-none-eabi/lib/thumb/v7-m/libc.a(lib_a-atexit.o)
 .ARM.attributes
                0x0000000000000152       0x2d /home/ds/Ac6/SystemWorkbench/plugins/fr.ac6.mcu.externaltools.arm-none.linux64_1.16.0.201807130628/tools/compiler/bin/../lib/gcc/arm-none-eabi/7.2.1/../../../../arm-none-eabi/lib/thumb/v7-m/libc.a(lib_a-fini.o)
 .ARM.attributes
                0x000000000000017f       0x2d /home/ds/Ac6/SystemWorkbench/plugins/fr.ac6.mcu.externaltools.arm-none.linux64_1.16.0.201807130628/tools/compiler/bin/../lib/gcc/arm-none-eabi/7.2.1/../../../../arm-none-eabi/lib/thumb/v7-m/libc.a(lib_a-lock.o)
 .ARM.attributes
                0x00000000000001ac       0x2d /home/ds/Ac6/SystemWorkbench/plugins/fr.ac6.mcu.externaltools.arm-none.linux64_1.16.0.201807130628/tools/compiler/bin/../lib/gcc/arm-none-eabi/7.2.1/../../../../arm-none-eabi/lib/thumb/v7-m/libc.a(lib_a-__atexit.o)
 .ARM.attributes
                0x00000000000001d9       0x1d /home/ds/Ac6/SystemWorkbench/plugins/fr.ac6.mcu.externaltools.arm-none.linux64_1.16.0.201807130628/tools/compiler/bin/../lib/gcc/arm-none-eabi/7.2.1/thumb/v7-m/crtn.o
OUTPUT(MSP.elf elf32-littlearm)

.debug_info     0x0000000000000000      0x874
 .debug_info    0x0000000000000000      0x852 src/main.o
 .debug_info    0x0000000000000852       0x22 startup/startup_stm32.o

.debug_abbrev   0x0000000000000000      0x251
 .debug_abbrev  0x0000000000000000      0x23f src/main.o
 .debug_abbrev  0x000000000000023f       0x12 startup/startup_stm32.o

.debug_aranges  0x0000000000000000       0xa0
 .debug_aranges
                0x0000000000000000       0x78 src/main.o
 .debug_aranges
                0x0000000000000078       0x28 startup/startup_stm32.o

.debug_ranges   0x0000000000000000       0x88
 .debug_ranges  0x0000000000000000       0x68 src/main.o
 .debug_ranges  0x0000000000000068       0x20 startup/startup_stm32.o

.debug_macro    0x0000000000000000     0x8591
 .debug_macro   0x0000000000000000       0x8b src/main.o
 .debug_macro   0x000000000000008b       0x56 src/main.o
 .debug_macro   0x00000000000000e1       0x22 src/main.o
 .debug_macro   0x0000000000000103      0x69f src/main.o
 .debug_macro   0x00000000000007a2     0x7def src/main.o

.debug_line     0x0000000000000000      0x53b
 .debug_line    0x0000000000000000      0x4bf src/main.o
 .debug_line    0x00000000000004bf       0x7c startup/startup_stm32.o

.debug_str      0x0000000000000000    0x32176
 .debug_str     0x0000000000000000    0x3214c src/main.o
                                      0x322c6 (size before relaxing)
 .debug_str     0x000000000003214c       0x2a startup/startup_stm32.o
                                         0x4b (size before relaxing)

.comment        0x0000000000000000       0x7e
 .comment       0x0000000000000000       0x7e src/main.o
                                         0x7f (size before relaxing)

.debug_frame    0x0000000000000000      0x388
 .debug_frame   0x0000000000000000      0x1c8 src/main.o
 .debug_frame   0x00000000000001c8       0x2c /home/ds/Ac6/SystemWorkbench/plugins/fr.ac6.mcu.externaltools.arm-none.linux64_1.16.0.201807130628/tools/compiler/bin/../lib/gcc/arm-none-eabi/7.2.1/../../../../arm-none-eabi/lib/thumb/v7-m/libc.a(lib_a-init.o)
 .debug_frame   0x00000000000001f4       0x5c /home/ds/Ac6/SystemWorkbench/plugins/fr.ac6.mcu.externaltools.arm-none.linux64_1.16.0.201807130628/tools/compiler/bin/../lib/gcc/arm-none-eabi/7.2.1/../../../../arm-none-eabi/lib/thumb/v7-m/libc.a(lib_a-__call_atexit.o)
 .debug_frame   0x0000000000000250       0x20 /home/ds/Ac6/SystemWorkbench/plugins/fr.ac6.mcu.externaltools.arm-none.linux64_1.16.0.201807130628/tools/compiler/bin/../lib/gcc/arm-none-eabi/7.2.1/../../../../arm-none-eabi/lib/thumb/v7-m/libc.a(lib_a-atexit.o)
 .debug_frame   0x0000000000000270       0x34 /home/ds/Ac6/SystemWorkbench/plugins/fr.ac6.mcu.externaltools.arm-none.linux64_1.16.0.201807130628/tools/compiler/bin/../lib/gcc/arm-none-eabi/7.2.1/../../../../arm-none-eabi/lib/thumb/v7-m/libc.a(lib_a-fini.o)
 .debug_frame   0x00000000000002a4       0xb0 /home/ds/Ac6/SystemWorkbench/plugins/fr.ac6.mcu.externaltools.arm-none.linux64_1.16.0.201807130628/tools/compiler/bin/../lib/gcc/arm-none-eabi/7.2.1/../../../../arm-none-eabi/lib/thumb/v7-m/libc.a(lib_a-lock.o)
 .debug_frame   0x0000000000000354       0x34 /home/ds/Ac6/SystemWorkbench/plugins/fr.ac6.mcu.externaltools.arm-none.linux64_1.16.0.201807130628/tools/compiler/bin/../lib/gcc/arm-none-eabi/7.2.1/../../../../arm-none-eabi/lib/thumb/v7-m/libc.a(lib_a-__atexit.o)
